// Jest Snapshot v1, https://goo.gl/fbAQLP

exports[`Collapse: render should render collapse item component 1`] = `
<div
  className="ui-collapse-item"
>
  <button
    aria-controls="c1"
    aria-expanded={false}
    className="ui-collapse__label ui-collapse__label--icon_position ui-collapse__label--icon_position_left"
    onClick={[Function]}
    type="button"
  >
    <span
      className="ui-collapse__label-icon"
    />
    <span
      className="ui-collapse__label-text"
    >
      Collapse Item 1
    </span>
  </button>
  <div
    aria-hidden={true}
    className="ui-collapse-item__content"
    id="c1"
  >
    <div>
      Collapse Item content
    </div>
  </div>
</div>
`;

exports[`Collapse: render should render collapse item without id 1`] = `
<div
  className="ui-collapse-item"
>
  <button
    aria-expanded={false}
    className="ui-collapse__label ui-collapse__label--icon_position ui-collapse__label--icon_position_left"
    onClick={[Function]}
    type="button"
  >
    <span
      className="ui-collapse__label-icon"
    />
    <span
      className="ui-collapse__label-text"
    >
      Collapse Item 1
    </span>
  </button>
  <div
    aria-hidden={true}
    className="ui-collapse-item__content"
  >
    <div>
      Collapse Item content
    </div>
  </div>
</div>
`;

exports[`Collapse: render should render collapseItem component with icon on the right 1`] = `
<div
  className="ui-collapse-item"
>
  <button
    aria-expanded={false}
    className="ui-collapse__label ui-collapse__label--icon_position ui-collapse__label--icon_position_right"
    onClick={[Function]}
    type="button"
  >
    <span
      className="ui-collapse__label-icon"
    />
    <span
      className="ui-collapse__label-text"
    >
      Collapse Item 1
    </span>
  </button>
  <div
    aria-hidden={true}
    className="ui-collapse-item__content"
  >
    <div>
      Collapse Item content
    </div>
  </div>
</div>
`;

exports[`Collapse: render should render expanded collapse item component 1`] = `
<div
  className="ui-collapse-item ui-collapse-item_active"
>
  <button
    aria-controls="c1"
    aria-expanded={true}
    className="ui-collapse__label ui-collapse__label--icon_position ui-collapse__label--icon_position_left"
    onClick={[Function]}
    type="button"
  >
    <span
      className="ui-collapse__label-icon"
    />
    <span
      className="ui-collapse__label-text"
    >
      Collapse Item 1
    </span>
  </button>
  <div
    aria-hidden={false}
    className="ui-collapse-item__content"
    id="c1"
  >
    <div>
      Collapse Item content
    </div>
  </div>
</div>
`;
