// Jest Snapshot v1, https://goo.gl/fbAQLP

exports[`Button #render() should not modify mods 1`] = `
<button
  className="ui-button ui-button_test ui-button_size_m ui-button_variation_default"
  disabled={false}
  onClick={[Function]}
  type="button"
>
  Button
</button>
`;

exports[`Button #render() should render disabled link 1`] = `
<a
  className="ui-button ui-button_size_xs ui-button_variation_default ui-button_disabled_true"
  href="http://google.com"
>
  Extra small
</a>
`;

exports[`Button #render() should render gtm data attribute 1`] = `
<button
  className="ui-button ui-button_size_m ui-button_variation_default"
  data-gtm="id"
  disabled={false}
  onClick={[Function]}
  type="button"
>
  Extra small
</button>
`;

exports[`Button #render() should return base class with mods for strings as class and string as mods #1 1`] = `""`;

exports[`Button #render() should return base class with mods for strings as class and string as mods #2 1`] = `
<button
  className="ui-button ui-button_size_xs ui-button_variation_default"
  data-gtm="id"
  disabled={false}
  type="submit"
>
  Extra small
</button>
`;

exports[`Button #render() should return base class with mods for strings as class and string as mods #3 1`] = `
<button
  className="ui-button ui-button_size_xs ui-button_variation_default"
  disabled={false}
  onClick={[Function]}
  type="button"
>
  Extra small
</button>
`;

exports[`Button #render() should return base class with mods for strings as class and string as mods without data-attrs 1`] = `
<button
  className="ui-button ui-button_size_m ui-button_variation_default"
  disabled={false}
  onClick={[Function]}
  type="button"
>
  Extra small
</button>
`;
