// Jest Snapshot v1, https://goo.gl/fbAQLP

exports[`MessageBox #render() should render error message box with icon 1`] = `
<div
  className="ui-messageBox ui-messageBox_error"
>
  <div
    className="ui-messageBox__content-icon"
  >
    <div
      className="icon"
    />
  </div>
  <div
    className="ui-messageBox__content"
  >
    <div
      className="ui-messageBox__content-body"
    >
      Error message box
    </div>
  </div>
</div>
`;

exports[`MessageBox #render() should render info message box with test modifications 1`] = `
<div
  className="ui-messageBox ui-messageBox_test ui-messageBox_info"
>
  <div
    className="ui-messageBox__content"
  >
    <div
      className="ui-messageBox__content-body"
    >
      Just a simple message box
    </div>
  </div>
</div>
`;

exports[`MessageBox #render() should render success message box with title 1`] = `
<div
  className="ui-messageBox ui-messageBox_success"
>
  <div
    className="ui-messageBox__content"
  >
    <div
      className="ui-messageBox__content-title"
    >
      Success message box title
    </div>
    <div
      className="ui-messageBox__content-body"
    >
      Success message box
    </div>
  </div>
</div>
`;

exports[`MessageBox #render() should render message box with provided className 1`] = `
<div
  className="ui-messageBox ui-messageBox_info test-cls"
>
  <div
    className="ui-messageBox__content"
  >
    <div
      className="ui-messageBox__content-body"
    >
      Message box
    </div>
  </div>
</div>
`;
